******************************************************************************
                  TI ARM Linker PC v18.1.3                     
******************************************************************************
>> Linked Wed Oct 24 15:07:26 2018

OUTPUT FILE NAME:   <gpiointerrupt_CC3220SF_LAUNCHXL_tirtos_ccs.out>
ENTRY POINT SYMBOL: "_c_int00"  address: 01004625


MEMORY CONFIGURATION

         name            origin    length      used     unused   attr    fill
----------------------  --------  ---------  --------  --------  ----  --------
  FLASH_HDR             01000000   000007ff  00000000  000007ff  R  X
  FLASH                 01000800   000ff800  00006026  000f97da  R  X
  SRAM                  20000000   00040000  000098ac  00036754  RW X


SEGMENT ALLOCATION MAP

run origin  load origin   length   init length attrs members
----------  ----------- ---------- ----------- ----- -------
01000800    01000800    00006030   00006030    r-x
  01000800    01000800    0000003c   0000003c    r-- .resetVecs
  01000840    01000840    00005632   00005632    r-x .text
  01005e74    01005e74    000006f8   000006f8    r-- .const
  01006570    01006570    000002c0   000002c0    r-- .cinit
20000310    20000310    00008000   00000000    r--
  20000310    20000310    00008000   00000000    r-- .priheap
20008310    20008310    000011a0   00000000    rw-
  20008310    20008310    000008dc   00000000    rw- .bss
  20008bec    20008bec    000008c4   00000000    rw- .data
2003fc00    2003fc00    00000400   00000000    rw-
  2003fc00    2003fc00    00000400   00000000    rw- .stack


SECTION ALLOCATION MAP

 output                                  attributes/
section   page    origin      length       input sections
--------  ----  ----------  ----------   ----------------
.text      0    01000840    00005632     
                  01000840    0000042c     driverlib.a : prcm.obj (.text:PRCMCC3200MCUInit)
                  01000c6c    00000222     rtsv7M4_T_le_eabi.lib : _printfi_min.c.obj (.text:__TI_printfi_minimal)
                  01000e8e    00000002     drivers_cc32xx.aem4 : TimerCC32XX.oem4 (.text:TimerCC32XX_init)
                  01000e90    000001c8                         : GPIOCC32XX.oem4 (.text:GPIO_setConfig)
                  01001058    00000158     dpl_cc32xx.aem4 : PowerCC32XX_tirtos.oem4 (.text:PowerCC32XX_sleepPolicy)
                  010011b0    00000150     drivers_cc32xx.aem4 : PowerCC32XX.oem4 (.text:parkPins)
                  01001300    00000130     sysbios.aem4 : BIOS.obj (.text:ti_sysbios_knl_Semaphore_pend__E)
                  01001430    00000128     drivers_cc32xx.aem4 : TimerCC32XX.oem4 (.text:TimerCC32XX_open)
                  01001558    0000011c     sysbios.aem4 : BIOS.obj (.text:xdc_runtime_Startup_startMods__I)
                  01001674    00000118     drivers_cc32xx.aem4 : PowerCC32XX.oem4 (.text:Power_sleep)
                  0100178c    00000114     rtsv7M4_T_le_eabi.lib : fputs.c.obj (.text:fputs)
                  010018a0    00000110     sysbios.aem4 : BIOS.obj (.text:ti_sysbios_knl_Task_postInit__I)
                  010019b0    00000104                  : BIOS.obj (.text:ti_sysbios_knl_Task_Instance_finalize__E)
                  01001ab4    00000004     dpl_cc32xx.aem4 : ClockP_tirtos.oem4 (.text:ClockP_getCpuFreq)
                  01001ab8    000000fc     sysbios.aem4 : BIOS.obj (.text:ti_sysbios_knl_Task_Instance_init__E)
                  01001bb4    00000004     dpl_cc32xx.aem4 : HwiP_tirtos.oem4 (.text:HwiP_clearInterrupt)
                  01001bb8    000000ec     sysbios.aem4 : BIOS.obj (.text:pthread_create)
                  01001ca4    000000dc     rtsv7M4_T_le_eabi.lib : setvbuf.c.obj (.text:setvbuf)
                  01001d80    000000d0     sysbios.aem4 : m3_Hwi_asm.obj (.text:ti_sysbios_family_arm_m3_Hwi_dispatch__I)
                  01001e50    000000d0                  : BIOS.obj (.text:ti_sysbios_heaps_HeapMem_alloc__E)
                  01001f20    000000c4     drivers_cc32xx.aem4 : GPIOCC32XX.oem4 (.text:GPIO_init)
                  01001fe4    00000004     dpl_cc32xx.aem4 : HwiP_tirtos.oem4 (.text:HwiP_disable)
                  01001fe8    000000bc     sysbios.aem4 : BIOS.obj (.text:xdc_runtime_Core_createObject__I)
                  010020a4    000000b4     drivers_cc32xx.aem4 : PowerCC32XX.oem4 (.text:restoreParkedPins)
                  01002158    000000a8                         : PowerCC32XX.oem4 (.text:PowerCC32XX_configureWakeup)
                  01002200    000000a4     gpiointerrupt.obj (.text:mainThread)
                  010022a4    00000004     dpl_cc32xx.aem4 : SemaphoreP_tirtos.oem4 (.text:SemaphoreP_post)
                  010022a8    000000a4     sysbios.aem4 : BIOS.obj (.text:ti_sysbios_knl_Task_setPri__E)
                  0100234c    000000a0     auto_init.aem4 : auto_init.oem4 (.text)
                  010023ec    00000004     rtsv7M4_T_le_eabi.lib : printf.c.obj (.text:_outc)
                  010023f0    0000009c     sysbios.aem4 : BIOS.obj (.text:_pthread_removeThreadKeys)
                  0100248c    0000009c     rtsv7M4_T_le_eabi.lib : memcpy_t2.asm.obj (.text)
                  01002528    00000098     drivers_cc32xx.aem4 : GPIOCC32XX.oem4 (.text:powerNotifyFxn)
                  010025c0    00000098     sysbios.aem4 : BIOS.obj (.text:ti_sysbios_family_arm_m3_Hwi_Instance_init__E)
                  01002658    00000096     rtsv7M4_T_le_eabi.lib : ull_div_t2.asm.obj (.text)
                  010026ee    00000002                           : _lock.c.obj (.text:_nop)
                  010026f0    00000094     sysbios.aem4 : BIOS.obj (.text:ti_sysbios_knl_Task_exit__E)
                  01002784    00000090     drivers_cc32xx.aem4 : PowerCC32XX.oem4 (.text:restoreNVICRegs)
                  01002814    00000004     rtsv7M4_T_le_eabi.lib : printf.c.obj (.text:_outs)
                  01002818    00000090     sysbios.aem4 : BIOS.obj (.text:ti_sysbios_knl_Task_Module_startup__E)
                  010028a8    0000008c     rtsv7M4_T_le_eabi.lib : fputc.c.obj (.text:fputc)
                  01002934    00000004     release_pem4.oem4 (.text:ti_sysbios_BIOS_RtsGateProxy_enter__E)
                  01002938    0000008c     sysbios.aem4 : BIOS.obj (.text:xdc_runtime_Memory_alloc__E)
                  010029c4    00000088     driverlib.a : pin.obj (.text:PinConfigSet)
                  01002a4c    00000004     release_pem4.oem4 (.text:ti_sysbios_BIOS_RtsGateProxy_leave__E)
                  01002a50    00000088     sysbios.aem4 : BIOS.obj (.text:ti_sysbios_family_arm_m3_Hwi_initNVIC__E)
                  01002ad8    00000088                  : BIOS.obj (.text:ti_sysbios_family_arm_m3_TaskSupport_start__E)
                  01002b60    00000086                  : BIOS.obj (.text:xdc_runtime_Core_constructObject__I)
                  01002be6    00000002     rtsv7M4_T_le_eabi.lib : div0.asm.obj (.text)
                  01002be8    00000084     drivers_cc32xx.aem4 : PowerCC32XX.oem4 (.text:Power_init)
                  01002c6c    00000084                         : PowerCC32XX.oem4 (.text:saveNVICRegs)
                  01002cf0    00000084     sysbios.aem4 : BIOS.obj (.text:ti_sysbios_family_arm_m3_Hwi_postInit__I)
                  01002d74    00000004     release_pem4.oem4 (.text:ti_sysbios_family_arm_m3_Hwi_delete)
                  01002d78    00000084     sysbios.aem4 : BIOS.obj (.text:ti_sysbios_heaps_HeapMem_free__E)
                  01002dfc    00000080     drivers_cc32xx.aem4 : PowerCC32XX.oem4 (.text:Power_setDependency)
                  01002e7c    00000004     release_pem4.oem4 (.text:ti_sysbios_family_arm_m3_TaskSupport_Module__startupDone__S)
                  01002e80    00000080     sysbios.aem4 : BIOS.obj (.text:ti_sysbios_knl_Clock_workFunc__E)
                  01002f00    0000007a     rtsv7M4_T_le_eabi.lib : memset_t2.asm.obj (.text)
                  01002f7a    00000002     release_pem4.oem4 (.text:ti_sysbios_BIOS_nullFunc__I)
                  01002f7c    00000078     drivers_cc32xx.aem4 : GPIOCC32XX.oem4 (.text:GPIO_hwiIntFxn)
                  01002ff4    00000078                         : TimerCC32XX.oem4 (.text:TimerCC32XX_start)
                  0100306c    00000074     rtsv7M4_T_le_eabi.lib : fclose.c.obj (.text:__TI_closefile)
                  010030e0    00000074     sysbios.aem4 : BIOS.obj (.text:xdc_runtime_Core_deleteObject__I)
                  01003154    00000004     release_pem4.oem4 (.text:ti_sysbios_heaps_HeapMem_Module_GateProxy_enter__E)
                  01003158    00000070     sysbios.aem4 : BIOS.obj (.text:ti_sysbios_heaps_HeapMem_initPrimary__I)
                  010031c8    0000006c                  : BIOS.obj (.text:ti_sysbios_knl_Swi_restoreHwi__E)
                  01003234    00000068     rtsv7M4_T_le_eabi.lib : hostlseek.c.obj (.text:HOSTlseek)
                  0100329c    00000068                           : hostrename.c.obj (.text:HOSTrename)
                  01003304    00000068                           : copy_decompress_lzss.c.obj (.text:decompress:lzss:__TI_decompress_lzss)
                  0100336c    00000068                           : printf.c.obj (.text:printf)
                  010033d4    00000004     release_pem4.oem4 (.text:ti_sysbios_heaps_HeapMem_Module_GateProxy_leave__E)
                  010033d8    00000068     sysbios.aem4 : BIOS.obj (.text:pthread_exit)
                  01003440    00000064     drivers_cc32xx.aem4 : GPIOCC32XX.oem4 (.text:GPIO_toggle)
                  010034a4    00000064                         : PowerCC32XX.oem4 (.text:PowerCC32XX_setParkState)
                  01003508    00000064     rtsv7M4_T_le_eabi.lib : fseek.c.obj (.text:fseek)
                  0100356c    00000064     main_tirtos.obj (.text:main)
                  010035d0    00000064     sysbios.aem4 : BIOS.obj (.text:ti_sysbios_family_arm_m3_Hwi_dispatchC__I)
                  01003634    00000062     rtsv7M4_T_le_eabi.lib : _io_perm.c.obj (.text:__TI_wrt_ok)
                  01003696    00000002     release_pem4.oem4 (.text:xdc_runtime_Startup_reset__I)
                  01003698    00000060     rtsv7M4_T_le_eabi.lib : hostopen.c.obj (.text:HOSTopen)
                  010036f8    00000060     driverlib.a : prcm.obj (.text:PRCMSysResetCauseGet)
                  01003758    00000060     sysbios.aem4 : BIOS.obj (.text:ti_sysbios_knl_Semaphore_post__E)
                  010037b8    00000060                  : BIOS.obj (.text:ti_sysbios_knl_Swi_run__I)
                  01003818    0000005c     rtsv7M4_T_le_eabi.lib : close.c.obj (.text:close)
                  01003874    00000004     release_pem4.oem4 (.text:ti_sysbios_knl_Clock_TimerProxy_getMaxTicks__E)
                  01003878    0000005c     sysbios.aem4 : BIOS.obj (.text:ti_sysbios_family_arm_m3_Timer_start__E)
                  010038d4    00000004     release_pem4.oem4 (.text:ti_sysbios_knl_Clock_TimerProxy_setPeriodMicroSecs__E)
                  010038d8    0000005c     sysbios.aem4 : BIOS.obj (.text:ti_sysbios_knl_Swi_schedule__I)
                  01003934    00000004     release_pem4.oem4 (.text:ti_sysbios_knl_Clock_TimerProxy_start__E)
                  01003938    0000005c     sysbios.aem4 : BIOS.obj (.text:ti_sysbios_knl_Task_startCore__E)
                  01003994    00000004     release_pem4.oem4 (.text:ti_sysbios_knl_Clock_TimerProxy_stop__E)
                  01003998    0000005c     sysbios.aem4 : BIOS.obj (.text:xdc_runtime_Startup_exec__E)
                  010039f4    00000058     drivers_cc32xx.aem4 : GPIOCC32XX.oem4 (.text:GPIO_setCallback)
                  01003a4c    00000058                         : GPIOCC32XX.oem4 (.text:GPIO_write)
                  01003aa4    00000058     rtsv7M4_T_le_eabi.lib : hostread.c.obj (.text:HOSTread)
                  01003afc    00000058                           : hostwrite.c.obj (.text:HOSTwrite)
                  01003b54    00000058     driverlib.a : prcm.obj (.text:PRCMPeripheralReset)
                  01003bac    00000058     drivers_cc32xx.aem4 : PowerCC32XX.oem4 (.text:Power_releaseDependency)
                  01003c04    00000056                         : TimerCC32XX.oem4 (.text:TimerCC32XX_stop)
                  01003c5a    00000002     --HOLE-- [fill = 0]
                  01003c5c    00000054     release_pem4.oem4 (.text:ti_sysbios_family_arm_m3_Hwi_create)
                  01003cb0    00000054     sysbios.aem4 : BIOS.obj (.text:ti_sysbios_family_arm_m3_Timer_setPeriod__E)
                  01003d04    00000004     release_pem4.oem4 (.text:ti_sysbios_knl_Semaphore_delete)
                  01003d08    00000054     sysbios.aem4 : BIOS.obj (.text:xdc_runtime_Core_assignLabel__I)
                  01003d5c    00000052     drivers_cc32xx.aem4 : PowerCC32XX.oem4 (.text:PowerCC32XX_parkPin)
                  01003dae    00000052                         : PowerCC32XX_asm.oem4 (.text:PowerCC32XX_resumeLPDS)
                  01003e00    00000052                         : TimerCC32XX.oem4 (.text:initHw)
                  01003e52    00000002     --HOLE-- [fill = 0]
                  01003e54    00000050                         : TimerCC32XX.oem4 (.text:TimerCC32XX_allocateTimerResource)
                  01003ea4    00000004     release_pem4.oem4 (.text:ti_sysbios_knl_Task_delete)
                  01003ea8    00000050     sysbios.aem4 : BIOS.obj (.text:ti_sysbios_family_arm_m3_Hwi_Module_startup__E)
                  01003ef8    00000050     release_pem4.oem4 (.text:ti_sysbios_knl_Task_create)
                  01003f48    0000004c     drivers_cc32xx.aem4 : GPIOCC32XX.oem4 (.text:GPIO_enableInt)
                  01003f94    0000004c     rtsv7M4_T_le_eabi.lib : fflush.c.obj (.text:__TI_doflush)
                  01003fe0    0000004c                           : cpy_tbl.c.obj (.text:copy_in)
                  0100402c    0000004c     drivers_cc32xx.aem4 : PowerCC32XX.oem4 (.text:restorePeriphClocks)
                  01004078    0000004c     sysbios.aem4 : BIOS.obj (.text:ti_sysbios_heaps_HeapMem_getStats__E)
                  010040c4    00000004     release_pem4.oem4 (.text:xdc_runtime_System_Module_GateProxy_enter__E)
                  010040c8    0000004c     sysbios.aem4 : BIOS.obj (.text:ti_sysbios_knl_Swi_runLoop__I)
                  01004114    00000004     release_pem4.oem4 (.text:xdc_runtime_System_Module_GateProxy_leave__E)
                  01004118    0000004c     sysbios.aem4 : BIOS.obj (.text:ti_sysbios_knl_Task_allBlockedFunction__I)
                  01004164    00000004     --HOLE-- [fill = 0]
                  01004168    0000004c                  : BIOS.obj (.text:ti_sysbios_knl_Task_schedule__I)
                  010041b4    00000048     driverlib.a : flash.obj (.text:FlashDisable)
                  010041fc    00000048                 : prcm.obj (.text:PRCMLPDSEnter)
                  01004244    00000048                 : prcm.obj (.text:PRCMPeripheralClkEnable)
                  0100428c    00000048     drivers_cc32xx.aem4 : PowerCC32XX.oem4 (.text:Power_releaseConstraint)
                  010042d4    00000004     --HOLE-- [fill = 0]
                  010042d8    00000048     sysbios.aem4 : BIOS.obj (.text:ti_sysbios_family_arm_m3_Hwi_disableInterrupt__E)
                  01004320    00000048                  : BIOS.obj (.text:ti_sysbios_family_arm_m3_Hwi_enableInterrupt__E)
                  01004368    00000048                  : m3_Hwi_asm_switch.obj (.text:ti_sysbios_family_arm_m3_Hwi_initStacks__E)
                  010043b0    00000048                  : BIOS.obj (.text:ti_sysbios_family_arm_m3_Timer_initDevice__I)
                  010043f8    00000048                  : BIOS.obj (.text:ti_sysbios_knl_Mailbox_Module_startup__E)
                  01004440    00000048                  : BIOS.obj (.text:xdc_runtime_Core_assignParams__I)
                  01004488    00000046     drivers_cc32xx.aem4 : TimerCC32XX.oem4 (.text:getPrescaler)
                  010044ce    00000002     --HOLE-- [fill = 0]
                  010044d0    00000044     rtsv7M4_T_le_eabi.lib : hostclose.c.obj (.text:HOSTclose)
                  01004514    00000044                           : hostunlink.c.obj (.text:HOSTunlink)
                  01004558    00000044     driverlib.a : prcm.obj (.text:PRCMLPDSRestoreInfoSet)
                  0100459c    00000044     drivers_cc32xx.aem4 : PowerCC32XX_asm.oem4 (.text:PowerCC32XX_enterLPDS)
                  010045e0    00000044                         : Timer.oem4 (.text:Timer_init)
                  01004624    00000044     boot.aem4 : boot.oem4 (.text)
                  01004668    00000044     rtsv7M4_T_le_eabi.lib : getdevice.c.obj (.text:getdevice)
                  010046ac    00000004     --HOLE-- [fill = 0]
                  010046b0    00000044     sysbios.aem4 : BIOS.obj (.text:ti_sysbios_family_arm_m3_Hwi_getStackInfo__E)
                  010046f4    00000004     --HOLE-- [fill = 0]
                  010046f8    00000044                  : BIOS.obj (.text:ti_sysbios_knl_Mailbox_postInit__I)
                  0100473c    00000004     --HOLE-- [fill = 0]
                  01004740    00000044                  : BIOS.obj (.text:ti_sysbios_knl_Swi_post__E)
                  01004784    00000004     --HOLE-- [fill = 0]
                  01004788    00000044                  : BIOS.obj (.text:xdc_runtime_System_atexit__E)
                  010047cc    00000040     dpl_cc32xx.aem4 : HwiP_tirtos.oem4 (.text:HwiP_create)
                  0100480c    00000040     driverlib.a : pin.obj (.text:PinModeSet)
                  0100484c    00000004     --HOLE-- [fill = 0]
                  01004850    00000040     sysbios.aem4 : BIOS.obj (.text:ti_sysbios_heaps_HeapMem_Instance_init__E)
                  01004890    0000003c     drivers_cc32xx.aem4 : PowerCC32XX.oem4 (.text:Power_setConstraint)
                  010048cc    0000003c     dpl_cc32xx.aem4 : SemaphoreP_tirtos.oem4 (.text:SemaphoreP_create)
                  01004908    0000003c     drivers_cc32xx.aem4 : Timer.oem4 (.text:Timer_open)
                  01004944    0000003c     dpl_cc32xx.aem4 : PowerCC32XX_tirtos.oem4 (.text:getCountsRTC)
                  01004980    0000003c     sysbios.aem4 : BIOS.obj (.text:ti_sysbios_family_arm_m3_Hwi_Instance_finalize__E)
                  010049bc    00000004     --HOLE-- [fill = 0]
                  010049c0    0000003c                  : BIOS.obj (.text:ti_sysbios_family_arm_m3_Timer_setPeriodMicroSecs__E)
                  010049fc    00000004     --HOLE-- [fill = 0]
                  01004a00    0000003c                  : BIOS.obj (.text:ti_sysbios_knl_Clock_walkQueuePeriodic__E)
                  01004a3c    00000004     --HOLE-- [fill = 0]
                  01004a40    0000003c                  : BIOS.obj (.text:ti_sysbios_knl_Swi_restore__E)
                  01004a7c    00000004     --HOLE-- [fill = 0]
                  01004a80    0000003c                  : BIOS.obj (.text:xdc_runtime_System_processAtExit__E)
                  01004abc    0000003a     drivers_cc32xx.aem4 : TimerCC32XX.oem4 (.text:TimerCC32XX_close)
                  01004af6    00000002     --HOLE-- [fill = 0]
                  01004af8    00000038     driverlib.a : prcm.obj (.text:PRCMLPDSEnterKeepDebugIf)
                  01004b30    00000038     rtsv7M4_T_le_eabi.lib : trgmsg.c.obj (.text:__TI_writemsg)
                  01004b68    00000038     drivers_cc32xx.aem4 : PowerCC32XX.oem4 (.text:notify)
                  01004ba0    00000038     sysbios.aem4 : BIOS.obj (.text:ti_sysbios_knl_Task_processVitalTaskFlag__I)
                  01004bd8    00000036     drivers_cc32xx.aem4 : PowerCC32XX.oem4 (.text:PowerCC32XX_restoreParkedPin)
                  01004c0e    00000036                         : TimerCC32XX.oem4 (.text:TimerCC32XX_hwiIntFunction)
                  01004c44    00000036     driverlib.a : timer.obj (.text:TimerControlStall)
                  01004c7a    00000036     rtsv7M4_T_le_eabi.lib : strncpy.c.obj (.text:strncpy)
                  01004cb0    00000034     driverlib.a : pin.obj (.text:PinModeGet)
                  01004ce4    00000034     drivers_cc32xx.aem4 : TimerCC32XX.oem4 (.text:TimerCC32XX_freeTimerResource)
                  01004d18    00000034     rtsv7M4_T_le_eabi.lib : fopen.c.obj (.text:__TI_cleanup)
                  01004d4c    00000034                           : trgmsg.c.obj (.text:__TI_readmsg)
                  01004d80    00000034     sysbios.aem4 : BIOS.obj (.text:_pthread_delete$41)
                  01004db4    00000034     drivers_cc32xx.aem4 : TimerCC32XX.oem4 (.text:getPowerMgrId)
                  01004de8    00000034     sysbios.aem4 : BIOS.obj (.text:ti_sysbios_family_arm_m3_Timer_periodicStub__I)
                  01004e1c    00000034     release_pem4.oem4 (.text:ti_sysbios_knl_Semaphore_create)
                  01004e50    00000032     sysbios.aem4 : BIOS.obj (.text:ti_sysbios_hal_Hwi_initStack)
                  01004e82    00000002     --HOLE-- [fill = 0]
                  01004e84    00000030     rtsv7M4_T_le_eabi.lib : getdevice.c.obj (.text:finddevice)
                  01004eb4    00000030     release_pem4.oem4 (.text:ti_sysbios_BIOS_atExitFunc__I)
                  01004ee4    00000030     release_pem4.oem4 (.text:ti_sysbios_BIOS_startFunc__I)
                  01004f14    00000030     release_pem4.oem4 (.text:ti_sysbios_gates_GateHwi_Object__create__S)
                  01004f44    00000030     release_pem4.oem4 (.text:ti_sysbios_gates_GateMutex_Object__create__S)
                  01004f74    00000004     --HOLE-- [fill = 0]
                  01004f78    00000030     sysbios.aem4 : BIOS.obj (.text:ti_sysbios_gates_GateMutex_enter__E)
                  01004fa8    00000030     release_pem4.oem4 (.text:ti_sysbios_heaps_HeapMem_Object__create__S)
                  01004fd8    00000030     release_pem4.oem4 (.text:ti_sysbios_knl_Semaphore_construct)
                  01005008    00000030     sysbios.aem4 : BIOS.obj (.text:ti_sysbios_knl_Semaphore_pendTimeout__I)
                  01005038    00000030                  : BIOS.obj (.text:ti_sysbios_knl_Task_restore__E)
                  01005068    00000030                  : BIOS.obj (.text:ti_sysbios_knl_Task_unblockI__E)
                  01005098    0000002e     release_pem4.oem4 (.text:ti_sysbios_rts_MemAlloc_alloc)
                  010050c6    00000002     --HOLE-- [fill = 0]
                  010050c8    0000002c     dpl_cc32xx.aem4 : SemaphoreP_tirtos.oem4 (.text:SemaphoreP_createBinary)
                  010050f4    00000004     --HOLE-- [fill = 0]
                  010050f8    0000002c     sysbios.aem4 : BIOS.obj (.text:_pthread_cleanupFxn)
                  01005124    0000002c     release_pem4.oem4 (.text:ti_sysbios_knl_Clock_doTick__I)
                  01005150    0000002c     release_pem4.oem4 (.text:ti_sysbios_knl_Queue_construct)
                  0100517c    0000002c     rtsv7M4_T_le_eabi.lib : unlink.c.obj (.text:unlink)
                  010051a8    0000002a     driverlib.a : timer.obj (.text:TimerLoadSet)
                  010051d2    0000002a                 : timer.obj (.text:TimerPrescaleSet)
                  010051fc    00000028                 : prcm.obj (.text:PRCMPeripheralClkDisable)
                  01005224    00000028     dpl_cc32xx.aem4 : PowerCC32XX_tirtos.oem4 (.text:PowerCC32XX_initPolicy)
                  0100524c    00000028     drivers_cc32xx.aem4 : PowerCC32XX.oem4 (.text:Power_registerNotify)
                  01005274    00000028     rtsv7M4_T_le_eabi.lib : lseek.c.obj (.text:lseek)
                  0100529c    00000004     --HOLE-- [fill = 0]
                  010052a0    00000028     sysbios.aem4 : BIOS.obj (.text:ti_sysbios_knl_Clock_addI__E)
                  010052c8    00000028                  : BIOS.obj (.text:ti_sysbios_knl_Swi_Module_startup__E)
                  010052f0    00000028     rtsv7M4_T_le_eabi.lib : write.c.obj (.text:write)
                  01005318    00000026     drivers_cc32xx.aem4 : List.oem4 (.text:List_put)
                  0100533e    00000026                         : List.oem4 (.text:List_remove)
                  01005364    00000004     --HOLE-- [fill = 0]
                  01005368    00000024     sysbios.aem4 : BIOS.obj (.text:pthread_attr_init)
                  0100538c    00000024     release_pem4.oem4 (.text:ti_sysbios_BIOS_registerRTSLock__I)
                  010053b0    00000024     release_pem4.oem4 (.text:ti_sysbios_BIOS_removeRTSLock__I)
                  010053d4    00000004     --HOLE-- [fill = 0]
                  010053d8    00000024     sysbios.aem4 : BIOS.obj (.text:ti_sysbios_family_arm_m3_Timer_postInit__I)
                  010053fc    00000004     --HOLE-- [fill = 0]
                  01005400    00000024                  : BIOS.obj (.text:ti_sysbios_family_arm_m3_Timer_startup__E)
                  01005424    00000024     release_pem4.oem4 (.text:ti_sysbios_gates_GateMutex_Object__delete__S)
                  01005448    00000024     sysbios.aem4 : BIOS.obj (.text:ti_sysbios_knl_Clock_Module_startup__E)
                  0100546c    00000004     --HOLE-- [fill = 0]
                  01005470    00000024                  : BIOS.obj (.text:ti_sysbios_knl_Semaphore_Instance_init__E)
                  01005494    00000024     release_pem4.oem4 (.text:ti_sysbios_knl_Semaphore_Object__delete__S)
                  010054b8    00000024     sysbios.aem4 : BIOS.obj (.text:ti_sysbios_knl_Task_restoreHwi__E)
                  010054dc    00000004     --HOLE-- [fill = 0]
                  010054e0    00000024                  : BIOS.obj (.text:xdc_runtime_Error_policyMin__E)
                  01005504    00000020     drivers_cc32xx.aem4 : PowerCC32XX.oem4 (.text:Power_unregisterNotify)
                  01005524    00000020     rtsv7M4_T_le_eabi.lib : memchr.c.obj (.text:memchr)
                  01005544    00000020     release_pem4.oem4 (.text:ti_sysbios_BIOS_rtsLock__I)
                  01005564    00000020     release_pem4.oem4 (.text:ti_sysbios_family_arm_m3_Hwi_Object__delete__S)
                  01005584    00000004     --HOLE-- [fill = 0]
                  01005588    00000020     sysbios.aem4 : BIOS.obj (.text:ti_sysbios_family_arm_m3_Hwi_clearInterrupt__E)
                  010055a8    00000020                  : m3_Hwi_asm.obj (.text:ti_sysbios_family_arm_m3_Hwi_excHandlerAsm__I)
                  010055c8    00000020                  : BIOS.obj (.text:ti_sysbios_family_arm_m3_Hwi_excHandler__I)
                  010055e8    00000020     release_pem4.oem4 (.text:ti_sysbios_gates_GateHwi_Object__delete__S)
                  01005608    00000020     release_pem4.oem4 (.text:ti_sysbios_heaps_HeapMem_Object__delete__S)
                  01005628    00000020     sysbios.aem4 : BIOS.obj (.text:ti_sysbios_knl_Idle_run__E)
                  01005648    00000020     release_pem4.oem4 (.text:ti_sysbios_knl_Semaphore_destruct)
                  01005668    00000020     release_pem4.oem4 (.text:ti_sysbios_knl_Task_Object__delete__S)
                  01005688    0000001e     driverlib.a : timer.obj (.text:TimerDisable)
                  010056a6    0000001e                 : timer.obj (.text:TimerEnable)
                  010056c4    0000001e     sysbios.aem4 : m3_Hwi_asm_switch.obj (.text:ti_sysbios_family_xxx_Hwi_switchAndRunFunc)
                  010056e2    00000002     --HOLE-- [fill = 0]
                  010056e4    0000001c     driverlib.a : pin.obj (.text:PinToPadGet)
                  01005700    0000001c     rtsv7M4_T_le_eabi.lib : memccpy.c.obj (.text:memccpy)
                  0100571c    00000004     --HOLE-- [fill = 0]
                  01005720    0000001c     sysbios.aem4 : BIOS.obj (.text:ti_sysbios_family_arm_m3_Timer_Module_startup__E)
                  0100573c    00000004     --HOLE-- [fill = 0]
                  01005740    0000001c                  : BIOS.obj (.text:ti_sysbios_family_arm_m3_Timer_stop__E)
                  0100575c    00000004     --HOLE-- [fill = 0]
                  01005760    0000001c                  : BIOS.obj (.text:ti_sysbios_gates_GateMutex_Instance_init__E)
                  0100577c    0000001c     release_pem4.oem4 (.text:ti_sysbios_knl_Queue_destruct)
                  01005798    0000001c     sysbios.aem4 : BIOS.obj (.text:ti_sysbios_knl_Queue_put__E)
                  010057b4    00000004     --HOLE-- [fill = 0]
                  010057b8    0000001c                  : BIOS.obj (.text:ti_sysbios_knl_Task_enter__I)
                  010057d4    0000001c     gpiointerrupt.obj (.text:timerCallback)
                  010057f0    0000001a     release_pem4.oem4 (.text:free)
                  0100580a    0000001a     sysbios.aem4 : m3_Hwi_asm.obj (.text:ti_sysbios_family_arm_m3_Hwi_pendSV__I)
                  01005824    00000018     drivers_cc32xx.aem4 : PowerCC32XX.oem4 (.text:Power_idleFunc)
                  0100583c    00000018                         : TimerCC32XX.oem4 (.text:TimerCC32XX_getCount)
                  01005854    00000018     driverlib.a : timer.obj (.text:TimerIntDisable)
                  0100586c    00000018                 : timer.obj (.text:TimerIntEnable)
                  01005884    00000018     rtsv7M4_T_le_eabi.lib : args_main.c.obj (.text:_args_main)
                  0100589c    00000018                           : ll_mul_t2.asm.obj (.text)
                  010058b4    00000018                           : strcmp.c.obj (.text:strcmp)
                  010058cc    00000018     release_pem4.oem4 (.text:ti_sysbios_BIOS_rtsUnlock__I)
                  010058e4    00000018     release_pem4.oem4 (.text:ti_sysbios_family_arm_m3_Hwi_Module__startupDone__F)
                  010058fc    00000018     release_pem4.oem4 (.text:ti_sysbios_family_arm_m3_Timer_Module__startupDone__F)
                  01005914    00000018     release_pem4.oem4 (.text:ti_sysbios_gates_GateHwi_Handle__label__S)
                  0100592c    00000018     release_pem4.oem4 (.text:ti_sysbios_gates_GateMutex_Handle__label__S)
                  01005944    00000004     --HOLE-- [fill = 0]
                  01005948    00000018     sysbios.aem4 : BIOS.obj (.text:ti_sysbios_gates_GateMutex_leave__E)
                  01005960    00000018     release_pem4.oem4 (.text:ti_sysbios_heaps_HeapMem_Handle__label__S)
                  01005978    00000018     sysbios.aem4 : BIOS.obj (.text:xdc_runtime_Error_init__E)
                  01005990    00000018                  : BIOS.obj (.text:xdc_runtime_System_exit__E)
                  010059a8    00000016     driverlib.a : prcm.obj (.text:PRCMHIBRegRead)
                  010059be    00000016                 : prcm.obj (.text:PRCMHIBRegWrite)
                  010059d4    00000016     rtsv7M4_T_le_eabi.lib : strchr.c.obj (.text:strchr)
                  010059ea    00000016     release_pem4.oem4 (.text:ti_sysbios_BIOS_exitFunc__I)
                  01005a00    00000014     drivers_cc32xx.aem4 : PowerCC32XX.oem4 (.text:Power_getDependencyCount)
                  01005a14    00000004     --HOLE-- [fill = 0]
                  01005a18    00000014     sysbios.aem4 : BIOS.obj (.text:pthread_attr_setschedparam)
                  01005a2c    00000014     rtsv7M4_T_le_eabi.lib : strcpy.c.obj (.text:strcpy)
                  01005a40    00000014                           : strlen.c.obj (.text:strlen)
                  01005a54    00000014     release_pem4.oem4 (.text:ti_sysbios_family_arm_m3_Hwi_Object__get__S)
                  01005a68    00000014     sysbios.aem4 : BIOS.obj (.text:ti_sysbios_family_arm_m3_Hwi_switchFromBootStack__E)
                  01005a7c    00000014                  : m3_TaskSupport_asm.obj (.text:ti_sysbios_family_arm_m3_TaskSupport_swap__E)
                  01005a90    00000014     release_pem4.oem4 (.text:ti_sysbios_heaps_HeapMem_Object__get__S)
                  01005aa4    00000004     --HOLE-- [fill = 0]
                  01005aa8    00000014     sysbios.aem4 : BIOS.obj (.text:ti_sysbios_knl_Clock_tickReconfig__E)
                  01005abc    00000014     release_pem4.oem4 (.text:ti_sysbios_knl_Swi_Object__get__S)
                  01005ad0    00000012     dpl_cc32xx.aem4 : SemaphoreP_tirtos.oem4 (.text:SemaphoreP_pend)
                  01005ae2    00000012     driverlib.a : timer.obj (.text:TimerIntClear)
                  01005af4    00000004     --HOLE-- [fill = 0]
                  01005af8    00000012     sysbios.aem4 : BIOS.obj (.text:_pthread_runStub$41)
                  01005b0a    00000006     drivers_cc32xx.aem4 : TimerCC32XX.oem4 (.text:TimerCC32XX_control)
                  01005b10    00000012     sysbios.aem4 : BIOS.obj (.text:ti_sysbios_hal_Hwi_Module_startup__E)
                  01005b22    00000012     release_pem4.oem4 (.text:xdc_runtime_Startup_exec__I)
                  01005b34    00000010     dpl_cc32xx.aem4 : HwiP_tirtos.oem4 (.text:HwiP_Params_init)
                  01005b44    00000010     drivers_cc32xx.aem4 : Timer.oem4 (.text:Timer_Params_init)
                  01005b54    00000004     --HOLE-- [fill = 0]
                  01005b58    00000010     sysbios.aem4 : BIOS.obj (.text:ti_sysbios_BIOS_getCpuFreq__E)
                  01005b68    00000010                  : BIOS.obj (.text:ti_sysbios_BIOS_setThreadType__E)
                  01005b78    00000010                  : BIOS.obj (.text:ti_sysbios_BIOS_start__E)
                  01005b88    00000010                  : m3_TaskSupport_asm.obj (.text:ti_sysbios_family_arm_m3_TaskSupport_glue)
                  01005b98    00000010                  : BIOS.obj (.text:ti_sysbios_gates_GateMutex_Instance_finalize__E)
                  01005ba8    00000010     release_pem4.oem4 (.text:ti_sysbios_knl_Mailbox_Object__get__S)
                  01005bb8    00000010     sysbios.aem4 : BIOS.obj (.text:ti_sysbios_knl_Semaphore_Instance_finalize__E)
                  01005bc8    00000010                  : BIOS.obj (.text:ti_sysbios_knl_Swi_disable__E)
                  01005bd8    00000010     release_pem4.oem4 (.text:ti_sysbios_knl_Task_Object__get__S)
                  01005be8    00000010     sysbios.aem4 : BIOS.obj (.text:ti_sysbios_knl_Task_disable__E)
                  01005bf8    00000010                  : BIOS.obj (.text:xdc_runtime_Memory_free__E)
                  01005c08    00000010                  : BIOS.obj (.text:xdc_runtime_SysCallback_abort__E)
                  01005c18    00000010                  : BIOS.obj (.text:xdc_runtime_SysCallback_exit__E)
                  01005c28    0000000e     rtsv7M4_T_le_eabi.lib : copy_decompress_none.c.obj (.text:decompress:none:__TI_decompress_none)
                  01005c36    0000000e     gpiointerrupt.obj (.text:gpioButtonFxn0)
                  01005c44    0000000e     gpiointerrupt.obj (.text:gpioButtonFxn1)
                  01005c52    00000006     driverlib.a : utils.obj (.text:UtilsDelay)
                  01005c58    0000000e     sysbios.aem4 : BIOS.obj (.text:pthread_attr_setdetachstate)
                  01005c66    00000002     --HOLE-- [fill = 0]
                  01005c68    0000000e                  : BIOS.obj (.text:ti_sysbios_knl_Idle_loop__E)
                  01005c76    00000002     --HOLE-- [fill = 0]
                  01005c78    0000000e                  : BIOS.obj (.text:ti_sysbios_knl_Queue_empty__E)
                  01005c86    0000000c     CC3220SF_LAUNCHXL.obj (.text:CC3220SF_LAUNCHXL_initGeneral)
                  01005c92    0000000c     dpl_cc32xx.aem4 : HwiP_tirtos.oem4 (.text:HwiP_delete)
                  01005c9e    00000002     --HOLE-- [fill = 0]
                  01005ca0    0000000c     drivers_cc32xx.aem4 : PowerCC32XX.oem4 (.text:Power_getConstraintMask)
                  01005cac    0000000c     dpl_cc32xx.aem4 : SemaphoreP_tirtos.oem4 (.text:SemaphoreP_delete)
                  01005cb8    0000000c     rtsv7M4_T_le_eabi.lib : _lock.c.obj (.text:_register_lock)
                  01005cc4    0000000c                           : _lock.c.obj (.text:_register_unlock)
                  01005cd0    0000000c                           : copy_zero_init.c.obj (.text:decompress:ZI:__TI_zero_init)
                  01005cdc    0000000c     drivers_cc32xx.aem4 : TimerCC32XX.oem4 (.text:postNotifyFxn)
                  01005ce8    0000000c     release_pem4.oem4 (.text:ti_sysbios_family_arm_m3_Hwi_Params__init__S)
                  01005cf4    00000004     --HOLE-- [fill = 0]
                  01005cf8    0000000c     sysbios.aem4 : BIOS.obj (.text:ti_sysbios_family_arm_m3_Hwi_disableFxn__E)
                  01005d04    00000004     --HOLE-- [fill = 0]
                  01005d08    0000000c                  : BIOS.obj (.text:ti_sysbios_family_arm_m3_TaskSupport_getStackAlignment__E)
                  01005d14    00000004     --HOLE-- [fill = 0]
                  01005d18    0000000c                  : BIOS.obj (.text:ti_sysbios_gates_GateHwi_enter__E)
                  01005d24    00000004     --HOLE-- [fill = 0]
                  01005d28    0000000c                  : BIOS.obj (.text:ti_sysbios_knl_Clock_getTicks__E)
                  01005d34    00000004     --HOLE-- [fill = 0]
                  01005d38    0000000c                  : BIOS.obj (.text:ti_sysbios_knl_Clock_setTicks__E)
                  01005d44    00000004     --HOLE-- [fill = 0]
                  01005d48    0000000c                  : BIOS.obj (.text:ti_sysbios_knl_Clock_tickStart__E)
                  01005d54    00000004     --HOLE-- [fill = 0]
                  01005d58    0000000c                  : BIOS.obj (.text:ti_sysbios_knl_Clock_tickStop__E)
                  01005d64    0000000c     release_pem4.oem4 (.text:ti_sysbios_knl_Queue_Object__get__S)
                  01005d70    0000000c     release_pem4.oem4 (.text:ti_sysbios_knl_Semaphore_Params__init__S)
                  01005d7c    0000000c     release_pem4.oem4 (.text:ti_sysbios_knl_Task_Params__init__S)
                  01005d88    0000000c     sysbios.aem4 : BIOS.obj (.text:ti_sysbios_rts_ti_ReentSupport_taskRegHook__I)
                  01005d94    00000004     --HOLE-- [fill = 0]
                  01005d98    0000000c                  : BIOS.obj (.text:xdc_runtime_Startup_rtsDone__E)
                  01005da4    0000000a     drivers_cc32xx.aem4 : Timer.oem4 (.text:Timer_start)
                  01005dae    0000000a     release_pem4.oem4 (.text:xdc_runtime_IHeap_alloc)
                  01005db8    0000000a     release_pem4.oem4 (.text:xdc_runtime_IHeap_free)
                  01005dc2    00000008     dpl_cc32xx.aem4 : SemaphoreP_tirtos.oem4 (.text:SemaphoreP_Params_init)
                  01005dca    00000006     --HOLE-- [fill = 0]
                  01005dd0    00000008     sysbios.aem4 : BIOS.obj (.text:pthread_attr_setstacksize)
                  01005dd8    00000008                  : BIOS.obj (.text:ti_sysbios_family_arm_m3_Hwi_doSwiRestore__I)
                  01005de0    00000008                  : BIOS.obj (.text:ti_sysbios_family_arm_m3_Hwi_startup__E)
                  01005de8    00000006                  : BIOS.obj (.text:ti_sysbios_family_arm_m3_Hwi_doTaskRestore__I)
                  01005dee    00000002     --HOLE-- [fill = 0]
                  01005df0    00000006                  : BIOS.obj (.text:ti_sysbios_family_arm_m3_Hwi_restoreFxn__E)
                  01005df6    00000002     --HOLE-- [fill = 0]
                  01005df8    00000006                  : BIOS.obj (.text:ti_sysbios_gates_GateHwi_leave__E)
                  01005dfe    00000002     --HOLE-- [fill = 0]
                  01005e00    00000006                  : BIOS.obj (.text:ti_sysbios_heaps_HeapMem_isBlocking__E)
                  01005e06    00000002     --HOLE-- [fill = 0]
                  01005e08    00000006                  : BIOS.obj (.text:ti_sysbios_knl_Queue_Instance_init__E)
                  01005e0e    00000002     --HOLE-- [fill = 0]
                  01005e10    00000006                  : BIOS.obj (.text:ti_sysbios_knl_Swi_startup__E)
                  01005e16    00000002     --HOLE-- [fill = 0]
                  01005e18    00000006                  : BIOS.obj (.text:xdc_runtime_System_Module_startup__E)
                  01005e1e    00000002     --HOLE-- [fill = 0]
                  01005e20    00000004                  : BIOS.obj (.text:ti_sysbios_family_arm_m3_Timer_getMaxTicks__E)
                  01005e24    00000004     --HOLE-- [fill = 0]
                  01005e28    00000004                  : BIOS.obj (.text:ti_sysbios_gates_GateHwi_query__E)
                  01005e2c    00000004     --HOLE-- [fill = 0]
                  01005e30    00000004                  : BIOS.obj (.text:ti_sysbios_gates_GateMutex_query__E)
                  01005e34    00000004     --HOLE-- [fill = 0]
                  01005e38    00000004                  : BIOS.obj (.text:ti_sysbios_knl_Task_startup__E)
                  01005e3c    00000004     --HOLE-- [fill = 0]
                  01005e40    00000002                  : BIOS.obj (.text:ti_sysbios_BIOS_linkedWithIncorrectBootLibrary__E)
                  01005e42    00000006     --HOLE-- [fill = 0]
                  01005e48    00000002                  : BIOS.obj (.text:ti_sysbios_gates_GateHwi_Instance_init__E)
                  01005e4a    00000006     --HOLE-- [fill = 0]
                  01005e50    00000002                  : BIOS.obj (.text:ti_sysbios_knl_Clock_logTick__E)
                  01005e52    00000006     --HOLE-- [fill = 0]
                  01005e58    00000002                  : BIOS.obj (.text:xdc_runtime_SysCallback_defaultAbort)
                  01005e5a    00000006     --HOLE-- [fill = 0]
                  01005e60    00000002                  : BIOS.obj (.text:xdc_runtime_SysCallback_defaultExit)
                  01005e62    00000006     --HOLE-- [fill = 0]
                  01005e68    00000002                  : BIOS.obj (.text:xdc_runtime_System_abortSpin__E)
                  01005e6a    00000006     --HOLE-- [fill = 0]
                  01005e70    00000002                  : BIOS.obj (.text:xdc_runtime_System_exitSpin__E)

.const     0    01005e74    000006f8     
                  01005e74    00000100     driverlib.a : pin.obj (.const:g_ulPinToPadMap)
                  01005f74    000000a8                 : prcm.obj (.const:PRCM_PeriphRegsList)
                  0100601c    00000058     release_pem4.oem4 (.const:.string)
                  01006074    00000044     release_pem4.oem4 (.const:ti_sysbios_knl_Task_Object__PARAMS__C)
                  010060b8    00000040     CC3220SF_LAUNCHXL.obj (.const:PowerCC32XX_config)
                  010060f8    00000030     release_pem4.oem4 (.const:ti_sysbios_family_arm_m3_Hwi_Object__PARAMS__C)
                  01006128    00000030     CC3220SF_LAUNCHXL.obj (.const:timerCC3220SFHWAttrs)
                  01006158    00000028     release_pem4.oem4 (.const:ti_sysbios_heaps_HeapMem_Module__FXNS__C)
                  01006180    00000024     CC3220SF_LAUNCHXL.obj (.const:Timer_config)
                  010061a4    00000024     release_pem4.oem4 (.const:ti_sysbios_gates_GateHwi_Module__FXNS__C)
                  010061c8    00000024     release_pem4.oem4 (.const:ti_sysbios_gates_GateMutex_Module__FXNS__C)
                  010061ec    00000024     release_pem4.oem4 (.const:ti_sysbios_heaps_HeapMem_Object__PARAMS__C)
                  01006210    00000024     release_pem4.oem4 (.const:ti_sysbios_knl_Semaphore_Object__PARAMS__C)
                  01006234    00000021     drivers_cc32xx.aem4 : GPIOCC32XX.oem4 (.const:.string:pinTable)
                  01006255    00000001     release_pem4.oem4 (.const:ti_sysbios_knl_Clock_tickMode__C)
                  01006256    00000002     release_pem4.oem4 (.const:ti_sysbios_family_arm_m3_Hwi_Module__id__C)
                  01006258    00000020     release_pem4.oem4 (.const:ti_sysbios_family_arm_m3_Hwi_Object__DESC__C)
                  01006278    00000020     release_pem4.oem4 (.const:ti_sysbios_gates_GateHwi_Object__DESC__C)
                  01006298    00000020     release_pem4.oem4 (.const:ti_sysbios_gates_GateMutex_Object__DESC__C)
                  010062b8    00000020     release_pem4.oem4 (.const:ti_sysbios_heaps_HeapMem_Object__DESC__C)
                  010062d8    00000020     release_pem4.oem4 (.const:ti_sysbios_knl_Queue_Object__DESC__C)
                  010062f8    00000020     release_pem4.oem4 (.const:ti_sysbios_knl_Semaphore_Object__DESC__C)
                  01006318    00000020     release_pem4.oem4 (.const:ti_sysbios_knl_Task_Object__DESC__C)
                  01006338    00000020     release_pem4.oem4 (.const:xdc_runtime_Startup_sfxnTab__A)
                  01006358    0000001c     drivers_cc32xx.aem4 : TimerCC32XX.oem4 (.const:TimerCC32XX_fxnTable)
                  01006374    00000018     release_pem4.oem4 (.const:ti_sysbios_gates_GateHwi_Object__PARAMS__C)
                  0100638c    00000018     release_pem4.oem4 (.const:ti_sysbios_gates_GateMutex_Object__PARAMS__C)
                  010063a4    00000018     release_pem4.oem4 (.const:ti_sysbios_knl_Queue_Object__PARAMS__C)
                  010063bc    00000018     release_pem4.oem4 (.const:ti_sysbios_knl_Task_hooks__A)
                  010063d4    00000014     CC3220SF_LAUNCHXL.obj (.const:GPIOCC32XX_config)
                  010063e8    00000014     drivers_cc32xx.aem4 : GPIOCC32XX.oem4 (.const:gpioBaseAddresses)
                  010063fc    00000014                         : GPIOCC32XX.oem4 (.const:powerResources)
                  01006410    00000010     release_pem4.oem4 (.const:xdc_runtime_Startup_sfxnRts__A)
                  01006420    0000000d     CC3220SF_LAUNCHXL.obj (.const)
                  0100642d    00000001     release_pem4.oem4 (.const:ti_sysbios_knl_Clock_tickSource__C)
                  0100642e    00000002     release_pem4.oem4 (.const:ti_sysbios_family_arm_m3_Timer_Module__id__C)
                  01006430    0000000c     drivers_cc32xx.aem4 : Timer.oem4 (.const:defaultParams)
                  0100643c    0000000c     release_pem4.oem4 (.const:xdc_runtime_Startup_firstFxns__A)
                  01006448    00000008     drivers_cc32xx.aem4 : GPIOCC32XX.oem4 (.const:outPinTypes)
                  01006450    00000008     release_pem4.oem4 (.const:ti_sysbios_knl_Idle_funcList__A)
                  01006458    00000008     release_pem4.oem4 (.const:ti_sysbios_knl_Idle_funcList__C)
                  01006460    00000008     release_pem4.oem4 (.const:ti_sysbios_knl_Task_hooks__C)
                  01006468    00000008     release_pem4.oem4 (.const:xdc_runtime_Startup_firstFxns__C)
                  01006470    00000008     release_pem4.oem4 (.const:xdc_runtime_Startup_lastFxns__C)
                  01006478    00000006     drivers_cc32xx.aem4 : GPIOCC32XX.oem4 (.const:.string:interruptType)
                  0100647e    00000006                         : GPIOCC32XX.oem4 (.const:inPinTypes)
                  01006484    00000006                         : GPIOCC32XX.oem4 (.const:outPinStrengths)
                  0100648a    00000004                         : GPIOCC32XX.oem4 (.const:.string:portInterruptIds)
                  0100648e    00000002     release_pem4.oem4 (.const:ti_sysbios_heaps_HeapMem_Module__id__C)
                  01006490    00000004     release_pem4.oem4 (.const:ti_sysbios_family_arm_m3_Hwi_E_alreadyDefined__C)
                  01006494    00000004     release_pem4.oem4 (.const:ti_sysbios_family_arm_m3_Hwi_NUM_INTERRUPTS__C)
                  01006498    00000004     release_pem4.oem4 (.const:ti_sysbios_family_arm_m3_Hwi_Object__count__C)
                  0100649c    00000004     release_pem4.oem4 (.const:ti_sysbios_family_arm_m3_Hwi_ccr__C)
                  010064a0    00000004     release_pem4.oem4 (.const:ti_sysbios_family_arm_m3_Hwi_excHandlerFunc__C)
                  010064a4    00000004     release_pem4.oem4 (.const:ti_sysbios_family_arm_m3_Hwi_nullIsrFunc__C)
                  010064a8    00000004     release_pem4.oem4 (.const:ti_sysbios_family_arm_m3_Hwi_priGroup__C)
                  010064ac    00000004     release_pem4.oem4 (.const:ti_sysbios_family_arm_m3_Hwi_swiDisable__C)
                  010064b0    00000004     release_pem4.oem4 (.const:ti_sysbios_family_arm_m3_Hwi_swiRestoreHwi__C)
                  010064b4    00000004     release_pem4.oem4 (.const:ti_sysbios_family_arm_m3_TaskSupport_stackAlignment__C)
                  010064b8    00000004     release_pem4.oem4 (.const:ti_sysbios_family_arm_m3_Timer_E_cannotSupport__C)
                  010064bc    00000004     release_pem4.oem4 (.const:ti_sysbios_family_arm_m3_Timer_startupNeeded__C)
                  010064c0    00000004     release_pem4.oem4 (.const:ti_sysbios_gates_GateMutex_Instance_State_sem__O)
                  010064c4    00000004     release_pem4.oem4 (.const:ti_sysbios_heaps_HeapMem_E_memory__C)
                  010064c8    00000004     release_pem4.oem4 (.const:ti_sysbios_heaps_HeapMem_Module__gateObj__C)
                  010064cc    00000004     release_pem4.oem4 (.const:ti_sysbios_heaps_HeapMem_Object__count__C)
                  010064d0    00000004     release_pem4.oem4 (.const:ti_sysbios_heaps_HeapMem_primaryHeapBaseAddr__C)
                  010064d4    00000004     release_pem4.oem4 (.const:ti_sysbios_heaps_HeapMem_primaryHeapEndAddr__C)
                  010064d8    00000004     release_pem4.oem4 (.const:ti_sysbios_heaps_HeapMem_reqAlign__C)
                  010064dc    00000004     release_pem4.oem4 (.const:ti_sysbios_knl_Clock_Module_State_clockQ__O)
                  010064e0    00000004     release_pem4.oem4 (.const:ti_sysbios_knl_Clock_tickPeriod__C)
                  010064e4    00000004     release_pem4.oem4 (.const:ti_sysbios_knl_Mailbox_Instance_State_freeQue__O)
                  010064e8    00000004     release_pem4.oem4 (.const:ti_sysbios_knl_Mailbox_Object__count__C)
                  010064ec    00000004     release_pem4.oem4 (.const:ti_sysbios_knl_Mailbox_maxTypeAlign__C)
                  010064f0    00000004     release_pem4.oem4 (.const:ti_sysbios_knl_Semaphore_Instance_State_pendQ__O)
                  010064f4    00000004     release_pem4.oem4 (.const:ti_sysbios_knl_Swi_Object__count__C)
                  010064f8    00000004     release_pem4.oem4 (.const:ti_sysbios_knl_Task_Module_State_inactiveQ__O)
                  010064fc    00000004     release_pem4.oem4 (.const:ti_sysbios_knl_Task_Object__count__C)
                  01006500    00000004     release_pem4.oem4 (.const:ti_sysbios_knl_Task_Object__heap__C)
                  01006504    00000004     release_pem4.oem4 (.const:ti_sysbios_knl_Task_allBlockedFunc__C)
                  01006508    00000004     release_pem4.oem4 (.const:ti_sysbios_knl_Task_defaultStackHeap__C)
                  0100650c    00000004     release_pem4.oem4 (.const:ti_sysbios_knl_Task_defaultStackSize__C)
                  01006510    00000004     release_pem4.oem4 (.const:ti_sysbios_knl_Task_numConstructedTasks__C)
                  01006514    00000004     release_pem4.oem4 (.const:xdc_runtime_Error_E_memory__C)
                  01006518    00000004     release_pem4.oem4 (.const:xdc_runtime_Error_policyFxn__C)
                  0100651c    00000004     release_pem4.oem4 (.const:xdc_runtime_IGateProvider_Interface__BASE__C)
                  01006520    00000004     release_pem4.oem4 (.const:xdc_runtime_IHeap_Interface__BASE__C)
                  01006524    00000004     release_pem4.oem4 (.const:xdc_runtime_IModule_Interface__BASE__C)
                  01006528    00000004     release_pem4.oem4 (.const:xdc_runtime_Memory_defaultHeapInstance__C)
                  0100652c    00000004     release_pem4.oem4 (.const:xdc_runtime_Startup_execImpl__C)
                  01006530    00000004     release_pem4.oem4 (.const:xdc_runtime_Startup_maxPasses__C)
                  01006534    00000004     release_pem4.oem4 (.const:xdc_runtime_Startup_sfxnRts__C)
                  01006538    00000004     release_pem4.oem4 (.const:xdc_runtime_Startup_sfxnTab__C)
                  0100653c    00000004     release_pem4.oem4 (.const:xdc_runtime_SysCallback_abortFxn__C)
                  01006540    00000004     release_pem4.oem4 (.const:xdc_runtime_SysCallback_exitFxn__C)
                  01006544    00000004     release_pem4.oem4 (.const:xdc_runtime_System_Module__gateObj__C)
                  01006548    00000004     release_pem4.oem4 (.const:xdc_runtime_System_abortFxn__C)
                  0100654c    00000004     release_pem4.oem4 (.const:xdc_runtime_System_exitFxn__C)
                  01006550    00000004     release_pem4.oem4 (.const:xdc_runtime_System_maxAtexitHandlers__C)
                  01006554    00000004     release_pem4.oem4 (.const:xdc_runtime_Text_charTab__C)
                  01006558    00000004     release_pem4.oem4 (.const:xdc_runtime_Text_nameEmpty__C)
                  0100655c    00000004     release_pem4.oem4 (.const:xdc_runtime_Text_nameStatic__C)
                  01006560    00000004     release_pem4.oem4 (.const:xdc_runtime_Text_nameUnknown__C)
                  01006564    00000002     release_pem4.oem4 (.const:xdc_runtime_Memory_Module__id__C)
                  01006566    00000002     release_pem4.oem4 (.const:xdc_runtime_Text_charCnt__C)
                  01006568    00000002     release_pem4.oem4 (.const:xdc_runtime_Text_isLoaded__C)
                  0100656a    00000001     release_pem4.oem4 (.const:xdc_runtime_Error_policy__C)
                  0100656b    00000001     release_pem4.oem4 (.const:xdc_runtime_Text_charTab__A)

.cinit     0    01006570    000002c0     
                  01006570    00000299     (.cinit..data.load) [load image, compression = lzss]
                  01006809    00000003     --HOLE-- [fill = 0]
                  0100680c    0000000c     (__TI_handler_table)
                  01006818    00000008     (.cinit..bss.load) [load image, compression = zero_init]
                  01006820    00000010     (__TI_cinit_table)

.init_array 
*          0    01000800    00000000     UNINITIALIZED

.bss       0    20008310    000008dc     UNINITIALIZED
                  20008310    0000030c     (.common:ti_sysbios_family_arm_m3_Hwi_dispatchTable)
                  2000861c    00000004     drivers_cc32xx.aem4 : GPIOCC32XX.oem4 (.bss)
                  20008620    00000200     release_pem4.oem4 (.bss:taskStackSection)
                  20008820    0000012c     (.common:PowerCC32XX_contextSave)
                  2000894c    00000120     rtsv7M4_T_le_eabi.lib : trgmsg.c.obj (.bss:_CIOBUF_)
                  20008a6c    000000a0     (.common:__TI_tmpnams)
                  20008b0c    0000009c     (.common:timerCC3220SFObjects)
                  20008ba8    00000020     drivers_cc32xx.aem4 : GPIOCC32XX.oem4 (.bss:gpioCallbackInfo)
                  20008bc8    00000014                         : GPIOCC32XX.oem4 (.bss:powerNotifyObj)
                  20008bdc    00000008     (.common:parmbuf)
                  20008be4    00000004                         : TimerCC32XX.oem4 (.bss:timerState)
                  20008be8    00000004     (.common:ti_sysbios_knl_Task_Instance_State_0_hookEnv__A)

.data      0    20008bec    000008c4     UNINITIALIZED
                  20008bec    0000016c     drivers_cc32xx.aem4 : PowerCC32XX.oem4 (.data:PowerCC32XX_module)
                  20008d58    000000f8     CC3220SF_LAUNCHXL.obj (.data:parkInfo)
                  20008e50    000000f0     rtsv7M4_T_le_eabi.lib : defs.c.obj (.data:_ftable)
                  20008f40    00000088     sysbios.aem4 : BIOS.obj (.data:$O1$$)
                  20008fc8    00000080     release_pem4.oem4 (.data:ti_sysbios_knl_Swi_Module_State_0_readyQ__A)
                  20009048    00000080     release_pem4.oem4 (.data:ti_sysbios_knl_Task_Module_State_0_readyQ__A)
                  200090c8    00000078     rtsv7M4_T_le_eabi.lib : write.c.obj (.data:_device)
                  20009140    0000005c     release_pem4.oem4 (.data:ti_sysbios_knl_Task_Object__table__V)
                  2000919c    00000054     release_pem4.oem4 (.data:ti_sysbios_gates_GateMutex_Object__table__V)
                  200091f0    00000050     rtsv7M4_T_le_eabi.lib : write.c.obj (.data:_stream)
                  20009240    00000048     release_pem4.oem4 (.data:ti_sysbios_knl_Task_Module__state__V)
                  20009288    00000034     release_pem4.oem4 (.data:ti_sysbios_family_arm_m3_Hwi_Module__state__V)
                  200092bc    00000030     release_pem4.oem4 (.data:ti_sysbios_family_arm_m3_Timer_Object__table__V)
                  200092ec    00000030     release_pem4.oem4 (.data:ti_sysbios_knl_Swi_Object__table__V)
                  2000931c    0000002c     release_pem4.oem4 (.data:ti_sysbios_knl_Clock_Module__state__V)
                  20009348    00000024     release_pem4.oem4 (.data:ti_sysbios_BIOS_Module__state__V)
                  2000936c    00000020     CC3220SF_LAUNCHXL.obj (.data:gpioPinConfigs)
                  2000938c    00000020     release_pem4.oem4 (.data:xdc_runtime_Error_IgnoreBlock)
                  200093ac    0000001c     release_pem4.oem4 (.data:ti_sysbios_knl_Swi_Module__state__V)
                  200093c8    00000018     release_pem4.oem4 (.data:ti_sysbios_family_arm_m3_Hwi_Object__table__V)
                  200093e0    00000018     release_pem4.oem4 (.data:ti_sysbios_heaps_HeapMem_Object__table__V)
                  200093f8    00000010     CC3220SF_LAUNCHXL.obj (.data:gpioCallbackFunctions)
                  20009408    00000010     rtsv7M4_T_le_eabi.lib : defs.c.obj (.data)
                  20009418    0000000c                           : exit.c.obj (.data:$O1$$)
                  20009424    0000000c     release_pem4.oem4 (.data:ti_sysbios_family_arm_m3_Timer_Module__state__V)
                  20009430    00000009     drivers_cc32xx.aem4 : GPIOCC32XX.oem4 (.data)
                  20009439    00000001                         : Timer.oem4 (.data)
                  2000943a    00000002     release_pem4.oem4 (.data:ti_sysbios_family_arm_m3_Hwi_Module_State_0_excActive__A)
                  2000943c    00000008     rtsv7M4_T_le_eabi.lib : _lock.c.obj (.data:$O1$$)
                  20009444    00000008     release_pem4.oem4 (.data:ti_sysbios_family_arm_m3_Hwi_Module__root__V)
                  2000944c    00000008     release_pem4.oem4 (.data:ti_sysbios_gates_GateHwi_Module__root__V)
                  20009454    00000008     release_pem4.oem4 (.data:ti_sysbios_gates_GateMutex_Module__root__V)
                  2000945c    00000008     release_pem4.oem4 (.data:ti_sysbios_heaps_HeapMem_Module__root__V)
                  20009464    00000008     release_pem4.oem4 (.data:ti_sysbios_knl_Queue_Module__root__V)
                  2000946c    00000008     release_pem4.oem4 (.data:ti_sysbios_knl_Semaphore_Module__root__V)
                  20009474    00000008     release_pem4.oem4 (.data:ti_sysbios_knl_Task_Module__root__V)
                  2000947c    00000008     release_pem4.oem4 (.data:xdc_runtime_Startup_Module__state__V)
                  20009484    00000008     release_pem4.oem4 (.data:xdc_runtime_System_Module_State_0_atexitHandlers__A)
                  2000948c    00000008     release_pem4.oem4 (.data:xdc_runtime_System_Module__state__V)
                  20009494    00000004     rtsv7M4_T_le_eabi.lib : stkdepth_vars.c.obj (.data)
                  20009498    00000004     release_pem4.oem4 (.data:ti_sysbios_family_arm_m3_Hwi_Module_State_0_excContext__A)
                  2000949c    00000004     release_pem4.oem4 (.data:ti_sysbios_family_arm_m3_Hwi_Module_State_0_excStack__A)
                  200094a0    00000004     release_pem4.oem4 (.data:ti_sysbios_gates_GateHwi_Object__table__V)
                  200094a4    00000004     release_pem4.oem4 (.data:ti_sysbios_knl_Task_Module_State_0_idleTask__A)
                  200094a8    00000004     release_pem4.oem4 (.data:ti_sysbios_rts_ti_ReentSupport_Module__state__V)
                  200094ac    00000004     release_pem4.oem4 (.data:xdc_runtime_Memory_Module__state__V)

.priheap   0    20000310    00008000     UNINITIALIZED
                  20000310    00008000     --HOLE--

.stack     0    2003fc00    00000400     UNINITIALIZED
                  2003fc00    00000400     --HOLE--

.bootVecs 
*          0    00000000    00000008     DSECT
                  00000000    00000008     boot.aem4 : boot.oem4 (.bootVecs)

.resetVecs 
*          0    01000800    0000003c     
                  01000800    0000003c     release_pem4.oem4 (.resetVecs)

.vecs      0    20000000    0000030c     NOLOAD SECTION
                  20000000    0000030c     release_pem4.oem4 (.vecs)

xdc.meta   0    00000000    00000105     COPY SECTION
                  00000000    00000105     release_pem4.oem4 (xdc.meta)

xdc.noload 
*          0    00000000    00000000     COPY SECTION

.binit     0    01000000    00000000     

MODULE SUMMARY

       Module                       code    ro data   rw data
       ------                       ----    -------   -------
    .\
       CC3220SF_LAUNCHXL.obj        12      181       452    
       gpiointerrupt.obj            220     0         0      
       main_tirtos.obj              100     0         0      
    +--+----------------------------+-------+---------+---------+
       Total:                       332     181       452    
                                                             
    C:\Users\Jime\workspace_v8\tirtos_builds_CC3220SF_LAUNCHXL_release_ccs\Debug\configPkg\package\cfg\
       release_pem4.oem4            1432    1096      3034   
    +--+----------------------------+-------+---------+---------+
       Total:                       1432    1096      3034   
                                                             
    C:/ti/simplelink_cc32xx_sdk_2_30_00_05/kernel/tirtos/packages/ti/dpl/lib/dpl_cc32xx.aem4
       PowerCC32XX_tirtos.oem4      444     0         0      
       SemaphoreP_tirtos.oem4       146     0         0      
       HwiP_tirtos.oem4             100     0         0      
       ClockP_tirtos.oem4           4       0         0      
    +--+----------------------------+-------+---------+---------+
       Total:                       694     0         0      
                                                             
    C:/ti/simplelink_cc32xx_sdk_2_30_00_05/source/ti/devices/cc32xx/driverlib/ccs/Release/driverlib.a
       prcm.obj                     1604    168       0      
       pin.obj                      280     256       0      
       timer.obj                    264     0         0      
       flash.obj                    72      0         0      
       utils.obj                    6       0         0      
    +--+----------------------------+-------+---------+---------+
       Total:                       2226    424       0      
                                                             
    C:/ti/simplelink_cc32xx_sdk_2_30_00_05/source/ti/drivers/lib/drivers_cc32xx.aem4
       PowerCC32XX.oem4             2216    0         664    
       GPIOCC32XX.oem4              1276    103       65     
       TimerCC32XX.oem4             994     28        4      
       Timer.oem4                   154     12        1      
       PowerCC32XX_asm.oem4         150     0         0      
       List.oem4                    76      0         0      
    +--+----------------------------+-------+---------+---------+
       Total:                       4866    143       734    
                                                             
    C:\Users\Jime\workspace_v8\tirtos_builds_CC3220SF_LAUNCHXL_release_ccs\src\sysbios\sysbios.aem4
       BIOS.obj                     7942    0         136    
       m3_Hwi_asm.obj               266     0         0      
       m3_Hwi_asm_switch.obj        102     0         0      
       m3_TaskSupport_asm.obj       36      0         0      
    +--+----------------------------+-------+---------+---------+
       Total:                       8346    0         136    
                                                             
    C:\ti\ccsv8\tools\compiler\ti-cgt-arm_18.1.3.LTS\lib\rtsv7M4_T_le_eabi.lib
       _printfi_min.c.obj           546     0         0      
       defs.c.obj                   0       0         416    
       trgmsg.c.obj                 108     0         288    
       fputs.c.obj                  276     0         0      
       write.c.obj                  40      0         200    
       setvbuf.c.obj                220     0         0      
       memcpy_t2.asm.obj            156     0         0      
       ull_div_t2.asm.obj           150     0         0      
       fputc.c.obj                  140     0         0      
       memset_t2.asm.obj            122     0         0      
       fclose.c.obj                 116     0         0      
       getdevice.c.obj              116     0         0      
       printf.c.obj                 112     0         0      
       copy_decompress_lzss.c.obj   104     0         0      
       hostlseek.c.obj              104     0         0      
       hostopen.c.obj               96      0         8      
       hostrename.c.obj             104     0         0      
       fseek.c.obj                  100     0         0      
       _io_perm.c.obj               98      0         0      
       close.c.obj                  92      0         0      
       hostread.c.obj               88      0         0      
       hostwrite.c.obj              88      0         0      
       cpy_tbl.c.obj                76      0         0      
       fflush.c.obj                 76      0         0      
       hostclose.c.obj              68      0         0      
       hostunlink.c.obj             68      0         0      
       strncpy.c.obj                54      0         0      
       fopen.c.obj                  52      0         0      
       unlink.c.obj                 44      0         0      
       lseek.c.obj                  40      0         0      
       _lock.c.obj                  26      0         8      
       memchr.c.obj                 32      0         0      
       memccpy.c.obj                28      0         0      
       args_main.c.obj              24      0         0      
       ll_mul_t2.asm.obj            24      0         0      
       strcmp.c.obj                 24      0         0      
       strchr.c.obj                 22      0         0      
       strcpy.c.obj                 20      0         0      
       strlen.c.obj                 20      0         0      
       copy_decompress_none.c.obj   14      0         0      
       copy_zero_init.c.obj         12      0         0      
       exit.c.obj                   0       0         12     
       stkdepth_vars.c.obj          0       0         4      
       div0.asm.obj                 2       0         0      
    +--+----------------------------+-------+---------+---------+
       Total:                       3702    0         936    
                                                             
    C:\ti\simplelink_cc32xx_sdk_2_30_00_05\kernel\tirtos\packages\ti\targets\arm\rtsarm\lib\auto_init.aem4
       auto_init.oem4               160     0         0      
    +--+----------------------------+-------+---------+---------+
       Total:                       160     0         0      
                                                             
    C:\ti\simplelink_cc32xx_sdk_2_30_00_05\kernel\tirtos\packages\ti\targets\arm\rtsarm\lib\boot.aem4
       boot.oem4                    68      0         0      
    +--+----------------------------+-------+---------+---------+
       Total:                       68      0         0      
                                                             
       Stack:                       0       0         1024   
       Linker Generated:            0       701       0      
    +--+----------------------------+-------+---------+---------+
       Grand Total:                 21826   2545      6316   


LINKER GENERATED COPY TABLES

__TI_cinit_table @ 01006820 records: 2, size/record: 8, table size: 16
	.data: load addr=01006570, load size=00000299 bytes, run addr=20008bec, run size=000008c4 bytes, compression=lzss
	.bss: load addr=01006818, load size=00000008 bytes, run addr=20008310, run size=000008dc bytes, compression=zero_init


LINKER GENERATED HANDLER TABLE

__TI_handler_table @ 0100680c records: 3, size/record: 4, table size: 12
	index: 0, handler: __TI_decompress_lzss
	index: 1, handler: __TI_decompress_none
	index: 2, handler: __TI_zero_init


GLOBAL SYMBOLS: SORTED ALPHABETICALLY BY Name 

address   name                                                            
-------   ----                                                            
01006420  ADC_count                                                       
01004b5f  C$$IO$$                                                         
01005c87  CC3220SF_LAUNCHXL_initGeneral                                   
01006421  Capture_count                                                   
01001ab5  ClockP_getCpuFreq                                               
01005d29  ClockP_getSystemTicks                                           
01006422  CryptoCC32XX_count                                              
01006423  Display_count                                                   
010041b5  FlashDisable                                                    
010063d4  GPIOCC32XX_config                                               
01003f49  GPIO_enableInt                                                  
01002f7d  GPIO_hwiIntFxn                                                  
01001f21  GPIO_init                                                       
010039f5  GPIO_setCallback                                                
01000e91  GPIO_setConfig                                                  
01003441  GPIO_toggle                                                     
01003a4d  GPIO_write                                                      
00008000  HEAPSIZE                                                        
010044d1  HOSTclose                                                       
01003235  HOSTlseek                                                       
01003699  HOSTopen                                                        
01003aa5  HOSTread                                                        
0100329d  HOSTrename                                                      
01004515  HOSTunlink                                                      
01003afd  HOSTwrite                                                       
01005b35  HwiP_Params_init                                                
01001bb5  HwiP_clearInterrupt                                             
010047cd  HwiP_create                                                     
01005c93  HwiP_delete                                                     
01001fe5  HwiP_disable                                                    
01005df1  HwiP_restore                                                    
01006424  I2C_count                                                       
01006425  I2S_count                                                       
01005319  List_put                                                        
0100533f  List_remove                                                     
01000841  PRCMCC3200MCUInit                                               
010059a9  PRCMHIBRegRead                                                  
010059bf  PRCMHIBRegWrite                                                 
010041fd  PRCMLPDSEnter                                                   
01004af9  PRCMLPDSEnterKeepDebugIf                                        
01004559  PRCMLPDSRestoreInfoSet                                          
010051fd  PRCMPeripheralClkDisable                                        
01004245  PRCMPeripheralClkEnable                                         
01003b55  PRCMPeripheralReset                                             
010036f9  PRCMSysResetCauseGet                                            
01006426  PWM_count                                                       
010029c5  PinConfigSet                                                    
01004cb1  PinModeGet                                                      
0100480d  PinModeSet                                                      
010056e5  PinToPadGet                                                     
010060b8  PowerCC32XX_config                                              
01002159  PowerCC32XX_configureWakeup                                     
20008820  PowerCC32XX_contextSave                                         
0100459d  PowerCC32XX_enterLPDS                                           
01005225  PowerCC32XX_initPolicy                                          
20008bec  PowerCC32XX_module                                              
01003d5d  PowerCC32XX_parkPin                                             
01004bd9  PowerCC32XX_restoreParkedPin                                    
01003daf  PowerCC32XX_resumeLPDS                                          
010034a5  PowerCC32XX_setParkState                                        
01001059  PowerCC32XX_sleepPolicy                                         
01005ca1  Power_getConstraintMask                                         
01005a01  Power_getDependencyCount                                        
01005825  Power_idleFunc                                                  
01002be9  Power_init                                                      
0100524d  Power_registerNotify                                            
0100428d  Power_releaseConstraint                                         
01003bad  Power_releaseDependency                                         
01004891  Power_setConstraint                                             
01002dfd  Power_setDependency                                             
01001675  Power_sleep                                                     
01005505  Power_unregisterNotify                                          
01006427  SDFatFS_count                                                   
01006428  SD_count                                                        
UNDEFED   SHT$$INIT_ARRAY$$Base                                           
UNDEFED   SHT$$INIT_ARRAY$$Limit                                          
01006429  SPI_count                                                       
01005dc3  SemaphoreP_Params_init                                          
010048cd  SemaphoreP_create                                               
010050c9  SemaphoreP_createBinary                                         
01005cad  SemaphoreP_delete                                               
01005ad1  SemaphoreP_pend                                                 
010022a5  SemaphoreP_post                                                 
01003e55  TimerCC32XX_allocateTimerResource                               
01004abd  TimerCC32XX_close                                               
01005b0b  TimerCC32XX_control                                             
01004ce5  TimerCC32XX_freeTimerResource                                   
01006358  TimerCC32XX_fxnTable                                            
0100583d  TimerCC32XX_getCount                                            
01000e8f  TimerCC32XX_init                                                
01001431  TimerCC32XX_open                                                
01002ff5  TimerCC32XX_start                                               
01003c05  TimerCC32XX_stop                                                
01004c45  TimerControlStall                                               
01005689  TimerDisable                                                    
010056a7  TimerEnable                                                     
01005ae3  TimerIntClear                                                   
01005855  TimerIntDisable                                                 
0100586d  TimerIntEnable                                                  
010051a9  TimerLoadSet                                                    
010051d3  TimerPrescaleSet                                                
01005b45  Timer_Params_init                                               
01006180  Timer_config                                                    
0100642a  Timer_count                                                     
010045e1  Timer_init                                                      
01004909  Timer_open                                                      
01005da5  Timer_start                                                     
0100642b  UART_count                                                      
01005c53  UtilsDelay                                                      
0100642c  Watchdog_count                                                  
00000000  __ASM__                                                         
2000894c  __CIOBUF_                                                       
0000007e  __ISA__                                                         
00000091  __PLAT__                                                        
20040000  __STACK_END                                                     
00000400  __STACK_SIZE                                                    
000000b8  __TARG__                                                        
01006820  __TI_CINIT_Base                                                 
01006830  __TI_CINIT_Limit                                                
0100680c  __TI_Handler_Table_Base                                         
01006818  __TI_Handler_Table_Limit                                        
0100234d  __TI_auto_init                                                  
01004d19  __TI_cleanup                                                    
20009418  __TI_cleanup_ptr                                                
0100306d  __TI_closefile                                                  
01003305  __TI_decompress_lzss                                            
01005c29  __TI_decompress_none                                            
01003f95  __TI_doflush                                                    
2000941c  __TI_dtors_ptr                                                  
20009420  __TI_enable_exit_profile_output                                 
20009408  __TI_ft_end                                                     
ffffffff  __TI_pprof_out_hndl                                             
01000c6d  __TI_printfi_minimal                                            
ffffffff  __TI_prof_data_size                                             
ffffffff  __TI_prof_data_start                                            
01004d4d  __TI_readmsg                                                    
[...]
01005b89  ti_sysbios_family_arm_m3_TaskSupport_glue                       
01005b99  ti_sysbios_gates_GateMutex_Instance_finalize__E                 
01005ba9  ti_sysbios_knl_Mailbox_Object__get__S                           
01005bb9  ti_sysbios_knl_Semaphore_Instance_finalize__E                   
01005bc9  ti_sysbios_knl_Swi_disable__E                                   
01005bd9  ti_sysbios_knl_Task_Object__get__S                              
01005be9  ti_sysbios_knl_Task_disable__E                                  
01005bf9  xdc_runtime_Memory_free__E                                      
01005c09  xdc_runtime_SysCallback_abort__E                                
01005c09  xdc_runtime_System_SupportProxy_abort__E                        
01005c19  xdc_runtime_SysCallback_exit__E                                 
01005c19  xdc_runtime_System_SupportProxy_exit__E                         
01005c29  __TI_decompress_none                                            
01005c37  gpioButtonFxn0                                                  
01005c45  gpioButtonFxn1                                                  
01005c53  UtilsDelay                                                      
01005c59  pthread_attr_setdetachstate                                     
01005c69  ti_sysbios_knl_Idle_loop__E                                     
01005c79  ti_sysbios_knl_Queue_empty__E                                   
01005c87  CC3220SF_LAUNCHXL_initGeneral                                   
01005c93  HwiP_delete                                                     
01005ca1  Power_getConstraintMask                                         
01005cad  SemaphoreP_delete                                               
01005cb9  _register_lock                                                  
01005cc5  _register_unlock                                                
01005cd1  __TI_zero_init                                                  
01005ce9  ti_sysbios_family_arm_m3_Hwi_Params__init__S                    
01005ce9  ti_sysbios_hal_Hwi_HwiProxy_Params__init__S                     
01005cf9  ti_sysbios_family_arm_m3_Hwi_disableFxn__E                      
01005cf9  ti_sysbios_hal_Hwi_HwiProxy_disable__E                          
01005d09  ti_sysbios_family_arm_m3_TaskSupport_getStackAlignment__E       
01005d09  ti_sysbios_knl_Task_SupportProxy_getStackAlignment__E           
01005d19  ti_sysbios_gates_GateHwi_enter__E                               
01005d29  ClockP_getSystemTicks                                           
01005d29  ti_sysbios_knl_Clock_getTicks__E                                
01005d39  ti_sysbios_knl_Clock_setTicks__E                                
01005d49  ti_sysbios_knl_Clock_tickStart__E                               
01005d59  ti_sysbios_knl_Clock_tickStop__E                                
01005d65  ti_sysbios_knl_Queue_Object__get__S                             
01005d71  ti_sysbios_knl_Semaphore_Params__init__S                        
01005d7d  ti_sysbios_knl_Task_Params__init__S                             
01005d89  ti_sysbios_rts_ti_ReentSupport_taskRegHook__I                   
01005d99  xdc_runtime_Startup_rtsDone__E                                  
01005da5  Timer_start                                                     
01005daf  xdc_runtime_Memory_HeapProxy_alloc__E                           
01005db9  xdc_runtime_Memory_HeapProxy_free__E                            
01005dc3  SemaphoreP_Params_init                                          
01005dd1  pthread_attr_setstacksize                                       
01005dd9  ti_sysbios_family_arm_m3_Hwi_doSwiRestore__I                    
01005de1  ti_sysbios_family_arm_m3_Hwi_startup__E                         
01005de1  ti_sysbios_hal_Hwi_HwiProxy_startup__E                          
01005de1  ti_sysbios_hal_Hwi_startup__E                                   
01005de9  ti_sysbios_family_arm_m3_Hwi_doTaskRestore__I                   
01005df1  HwiP_restore                                                    
01005df1  ti_sysbios_family_arm_m3_Hwi_restoreFxn__E                      
01005df1  ti_sysbios_hal_Hwi_HwiProxy_restore__E                          
01005df9  ti_sysbios_gates_GateHwi_leave__E                               
01005e01  ti_sysbios_heaps_HeapMem_isBlocking__E                          
01005e09  ti_sysbios_knl_Queue_Instance_init__E                           
01005e11  ti_sysbios_knl_Swi_startup__E                                   
01005e19  xdc_runtime_System_Module_startup__E                            
01005e21  ti_sysbios_family_arm_m3_Timer_getMaxTicks__E                   
01005e29  ti_sysbios_gates_GateHwi_query__E                               
01005e29  xdc_runtime_Main_Module_GateProxy_query__E                      
01005e29  xdc_runtime_System_Module_GateProxy_query__E                    
01005e31  ti_sysbios_BIOS_RtsGateProxy_query__E                           
01005e31  ti_sysbios_gates_GateMutex_query__E                             
01005e31  ti_sysbios_heaps_HeapMem_Module_GateProxy_query__E              
01005e39  ti_sysbios_knl_Task_startup__E                                  
01005e41  ti_sysbios_BIOS_linkedWithIncorrectBootLibrary__E               
01005e49  ti_sysbios_gates_GateHwi_Instance_init__E                       
01005e51  ti_sysbios_knl_Clock_logTick__E                                 
01005e59  xdc_runtime_SysCallback_defaultAbort                            
01005e61  xdc_runtime_SysCallback_defaultExit                             
01005e69  xdc_runtime_System_abortSpin__E                                 
01005e71  xdc_runtime_System_exitSpin__E                                  
01006074  ti_sysbios_knl_Task_Object__PARAMS__C                           
010060b8  PowerCC32XX_config                                              
010060f8  ti_sysbios_family_arm_m3_Hwi_Object__PARAMS__C                  
01006128  timerCC3220SFHWAttrs                                            
01006158  ti_sysbios_heaps_HeapMem_Module__FXNS__C                        
01006180  Timer_config                                                    
010061a4  ti_sysbios_gates_GateHwi_Module__FXNS__C                        
010061c8  ti_sysbios_gates_GateMutex_Module__FXNS__C                      
010061ec  ti_sysbios_heaps_HeapMem_Object__PARAMS__C                      
01006210  ti_sysbios_knl_Semaphore_Object__PARAMS__C                      
01006255  ti_sysbios_knl_Clock_tickMode__C                                
01006256  ti_sysbios_family_arm_m3_Hwi_Module__id__C                      
01006258  ti_sysbios_family_arm_m3_Hwi_Object__DESC__C                    
01006278  ti_sysbios_gates_GateHwi_Object__DESC__C                        
01006298  ti_sysbios_gates_GateMutex_Object__DESC__C                      
010062b8  ti_sysbios_heaps_HeapMem_Object__DESC__C                        
010062d8  ti_sysbios_knl_Queue_Object__DESC__C                            
010062f8  ti_sysbios_knl_Semaphore_Object__DESC__C                        
01006318  ti_sysbios_knl_Task_Object__DESC__C                             
01006338  xdc_runtime_Startup_sfxnTab__A                                  
01006358  TimerCC32XX_fxnTable                                            
01006374  ti_sysbios_gates_GateHwi_Object__PARAMS__C                      
0100638c  ti_sysbios_gates_GateMutex_Object__PARAMS__C                    
010063a4  ti_sysbios_knl_Queue_Object__PARAMS__C                          
010063bc  ti_sysbios_knl_Task_hooks__A                                    
010063d4  GPIOCC32XX_config                                               
01006410  xdc_runtime_Startup_sfxnRts__A                                  
01006420  ADC_count                                                       
01006421  Capture_count                                                   
01006422  CryptoCC32XX_count                                              
01006423  Display_count                                                   
01006424  I2C_count                                                       
01006425  I2S_count                                                       
01006426  PWM_count                                                       
01006427  SDFatFS_count                                                   
01006428  SD_count                                                        
01006429  SPI_count                                                       
0100642a  Timer_count                                                     
0100642b  UART_count                                                      
0100642c  Watchdog_count                                                  
0100642d  ti_sysbios_knl_Clock_tickSource__C                              
0100642e  ti_sysbios_family_arm_m3_Timer_Module__id__C                    
0100643c  xdc_runtime_Startup_firstFxns__A                                
01006448  outPinTypes                                                     
01006450  ti_sysbios_knl_Idle_funcList__A                                 
01006458  ti_sysbios_knl_Idle_funcList__C                                 
01006460  ti_sysbios_knl_Task_hooks__C                                    
01006468  xdc_runtime_Startup_firstFxns__C                                
01006470  xdc_runtime_Startup_lastFxns__C                                 
0100647e  inPinTypes                                                      
01006484  outPinStrengths                                                 
0100648e  ti_sysbios_heaps_HeapMem_Module__id__C                          
01006490  ti_sysbios_family_arm_m3_Hwi_E_alreadyDefined__C                
01006494  ti_sysbios_family_arm_m3_Hwi_NUM_INTERRUPTS__C                  
01006498  ti_sysbios_family_arm_m3_Hwi_Object__count__C                   
0100649c  ti_sysbios_family_arm_m3_Hwi_ccr__C                             
010064a0  ti_sysbios_family_arm_m3_Hwi_excHandlerFunc__C                  
010064a4  ti_sysbios_family_arm_m3_Hwi_nullIsrFunc__C                     
010064a8  ti_sysbios_family_arm_m3_Hwi_priGroup__C                        
010064ac  ti_sysbios_family_arm_m3_Hwi_swiDisable__C                      
010064b0  ti_sysbios_family_arm_m3_Hwi_swiRestoreHwi__C                   
010064b4  ti_sysbios_family_arm_m3_TaskSupport_stackAlignment__C          
010064b8  ti_sysbios_family_arm_m3_Timer_E_cannotSupport__C               
010064bc  ti_sysbios_family_arm_m3_Timer_startupNeeded__C                 
010064c0  ti_sysbios_gates_GateMutex_Instance_State_sem__O                
010064c4  ti_sysbios_heaps_HeapMem_E_memory__C                            
010064c8  ti_sysbios_heaps_HeapMem_Module__gateObj__C                     
010064cc  ti_sysbios_heaps_HeapMem_Object__count__C                       
010064d0  ti_sysbios_heaps_HeapMem_primaryHeapBaseAddr__C                 
010064d4  ti_sysbios_heaps_HeapMem_primaryHeapEndAddr__C                  
010064d8  ti_sysbios_heaps_HeapMem_reqAlign__C                            
010064dc  ti_sysbios_knl_Clock_Module_State_clockQ__O                     
010064e0  ti_sysbios_knl_Clock_tickPeriod__C                              
010064e4  ti_sysbios_knl_Mailbox_Instance_State_freeQue__O                
010064e8  ti_sysbios_knl_Mailbox_Object__count__C                         
010064ec  ti_sysbios_knl_Mailbox_maxTypeAlign__C                          
010064f0  ti_sysbios_knl_Semaphore_Instance_State_pendQ__O                
010064f4  ti_sysbios_knl_Swi_Object__count__C                             
010064f8  ti_sysbios_knl_Task_Module_State_inactiveQ__O                   
010064fc  ti_sysbios_knl_Task_Object__count__C                            
01006500  ti_sysbios_knl_Task_Object__heap__C                             
01006504  ti_sysbios_knl_Task_allBlockedFunc__C                           
01006508  ti_sysbios_knl_Task_defaultStackHeap__C                         
0100650c  ti_sysbios_knl_Task_defaultStackSize__C                         
01006510  ti_sysbios_knl_Task_numConstructedTasks__C                      
01006514  xdc_runtime_Error_E_memory__C                                   
01006518  xdc_runtime_Error_policyFxn__C                                  
0100651c  xdc_runtime_IGateProvider_Interface__BASE__C                    
01006520  xdc_runtime_IHeap_Interface__BASE__C                            
01006524  xdc_runtime_IModule_Interface__BASE__C                          
01006528  xdc_runtime_Memory_defaultHeapInstance__C                       
0100652c  xdc_runtime_Startup_execImpl__C                                 
01006530  xdc_runtime_Startup_maxPasses__C                                
01006534  xdc_runtime_Startup_sfxnRts__C                                  
01006538  xdc_runtime_Startup_sfxnTab__C                                  
0100653c  xdc_runtime_SysCallback_abortFxn__C                             
01006540  xdc_runtime_SysCallback_exitFxn__C                              
01006544  xdc_runtime_System_Module__gateObj__C                           
01006548  xdc_runtime_System_abortFxn__C                                  
0100654c  xdc_runtime_System_exitFxn__C                                   
01006550  xdc_runtime_System_maxAtexitHandlers__C                         
01006554  xdc_runtime_Text_charTab__C                                     
01006558  xdc_runtime_Text_nameEmpty__C                                   
0100655c  xdc_runtime_Text_nameStatic__C                                  
01006560  xdc_runtime_Text_nameUnknown__C                                 
01006564  xdc_runtime_Memory_Module__id__C                                
01006566  xdc_runtime_Text_charCnt__C                                     
01006568  xdc_runtime_Text_isLoaded__C                                    
0100656a  xdc_runtime_Error_policy__C                                     
0100656b  xdc_runtime_Text_charTab__A                                     
01006570  __TI_static_base__                                              
0100680c  __TI_Handler_Table_Base                                         
01006818  __TI_Handler_Table_Limit                                        
01006820  __TI_CINIT_Base                                                 
01006830  __TI_CINIT_Limit                                                
20000000  ti_sysbios_family_arm_m3_Hwi_ramVectors                         
20000310  __primary_heap_start__                                          
20008310  __primary_heap_end__                                            
20008310  ti_sysbios_family_arm_m3_Hwi_dispatchTable                      
20008620  ti_sysbios_knl_Task_Instance_State_0_stack__A                   
20008820  PowerCC32XX_contextSave                                         
2000894c  __CIOBUF_                                                       
20008a6c  __TI_tmpnams                                                    
20008b0c  timerCC3220SFObjects                                            
20008bdc  parmbuf                                                         
20008be8  ti_sysbios_knl_Task_Instance_State_0_hookEnv__A                 
20008bec  PowerCC32XX_module                                              
20008d58  parkInfo                                                        
20008e50  _ftable                                                         
20008fc8  ti_sysbios_knl_Swi_Module_State_0_readyQ__A                     
20009048  ti_sysbios_knl_Task_Module_State_0_readyQ__A                    
200090c8  _device                                                         
20009140  ti_sysbios_knl_Task_Object__table__V                            
2000919c  ti_sysbios_gates_GateMutex_Object__table__V                     
200091f0  _stream                                                         
20009240  ti_sysbios_knl_Task_Module__state__V                            
20009288  ti_sysbios_family_arm_m3_Hwi_Module__state__V                   
200092bc  ti_sysbios_family_arm_m3_Timer_Object__table__V                 
200092ec  ti_sysbios_knl_Swi_Object__table__V                             
2000931c  ti_sysbios_knl_Clock_Module__state__V                           
20009348  ti_sysbios_BIOS_Module__state__V                                
2000936c  gpioPinConfigs                                                  
2000938c  xdc_runtime_Error_IgnoreBlock                                   
200093ac  ti_sysbios_knl_Swi_Module__state__V                             
200093c8  ti_sysbios_family_arm_m3_Hwi_Object__table__V                   
200093e0  ti_sysbios_heaps_HeapMem_Object__table__V                       
200093f8  gpioCallbackFunctions                                           
20009408  __TI_ft_end                                                     
2000940c  __aeabi_stdin                                                   
20009410  __aeabi_stdout                                                  
20009414  __aeabi_stderr                                                  
20009418  __TI_cleanup_ptr                                                
2000941c  __TI_dtors_ptr                                                  
20009420  __TI_enable_exit_profile_output                                 
20009424  ti_sysbios_family_arm_m3_Timer_Module__state__V                 
2000943a  ti_sysbios_family_arm_m3_Hwi_Module_State_0_excActive__A        
2000943c  _lock                                                           
20009440  _unlock                                                         
20009444  ti_sysbios_family_arm_m3_Hwi_Module__root__V                    
2000944c  ti_sysbios_gates_GateHwi_Module__root__V                        
20009454  ti_sysbios_gates_GateMutex_Module__root__V                      
2000945c  ti_sysbios_heaps_HeapMem_Module__root__V                        
20009464  ti_sysbios_knl_Queue_Module__root__V                            
2000946c  ti_sysbios_knl_Semaphore_Module__root__V                        
20009474  ti_sysbios_knl_Task_Module__root__V                             
2000947c  xdc_runtime_Startup_Module__state__V                            
20009484  xdc_runtime_System_Module_State_0_atexitHandlers__A             
2000948c  xdc_runtime_System_Module__state__V                             
20009494  main_func_sp                                                    
20009498  ti_sysbios_family_arm_m3_Hwi_Module_State_0_excContext__A       
2000949c  ti_sysbios_family_arm_m3_Hwi_Module_State_0_excStack__A         
200094a0  ti_sysbios_gates_GateHwi_Object__table__V                       
200094a4  ti_sysbios_knl_Task_Module_State_0_idleTask__A                  
200094a8  ti_sysbios_rts_ti_ReentSupport_Module__state__V                 
200094ac  xdc_runtime_Memory_Module__state__V                             
2003fc00  __stack                                                         
20040000  __STACK_END                                                     
e000e000  ti_sysbios_family_arm_m3_Hwi_nvic                               
ffffffff  __TI_pprof_out_hndl                                             
ffffffff  __TI_prof_data_size                                             
ffffffff  __TI_prof_data_start                                            
ffffffff  __binit__                                                       
ffffffff  __c_args__                                                      
ffffffff  binit                                                           
UNDEFED   SHT$$INIT_ARRAY$$Base                                           
UNDEFED   SHT$$INIT_ARRAY$$Limit                                          

[574 symbols]
